#1 [internal] load local bake definitions
#1 reading from stdin 504B done
#1 DONE 0.0s

#2 [internal] load build definition from Dockerfile
#2 transferring dockerfile: 331B 0.0s done
#2 DONE 0.0s

#3 [internal] load metadata for docker.io/library/nginx:alpine
#3 ...

#4 [internal] load metadata for docker.io/library/node:18-alpine
#4 DONE 2.2s

#3 [internal] load metadata for docker.io/library/nginx:alpine
#3 DONE 2.5s

#5 [internal] load .dockerignore
#5 transferring context: 96B 0.0s done
#5 DONE 0.0s

#6 [internal] load build context
#6 transferring context: 6.49kB 0.0s done
#6 DONE 0.0s

#7 [build 1/6] FROM docker.io/library/node:18-alpine@sha256:8d6421d663b4c28fd3ebc498332f249011d118945588d0a35cb9bc4b8ca09d9e
#7 resolve docker.io/library/node:18-alpine@sha256:8d6421d663b4c28fd3ebc498332f249011d118945588d0a35cb9bc4b8ca09d9e 0.0s done
#7 DONE 0.0s

#8 [stage-1 1/3] FROM docker.io/library/nginx:alpine@sha256:72ba65eb42c10344912a84ff42408db7d34f2feb642204570ab8fc5ffd29f1d3
#8 resolve docker.io/library/nginx:alpine@sha256:72ba65eb42c10344912a84ff42408db7d34f2feb642204570ab8fc5ffd29f1d3 0.0s done
#8 DONE 0.0s

#9 [build 2/6] WORKDIR /app
#9 CACHED

#10 [build 3/6] COPY package*.json ./
#10 CACHED

#11 [build 4/6] RUN npm install
#11 CACHED

#12 [build 5/6] COPY . .
#12 DONE 0.1s

#13 [build 6/6] RUN npm run build
#13 1.136 
#13 1.136 > gent-cem@0.1.0 build
#13 1.136 > vue-cli-service build
#13 1.136 
#13 2.531 [baseline-browser-mapping] The data in this module is over two months old.  To ensure accurate Baseline data, please update: `npm i baseline-browser-mapping@latest -D`
#13 2.633 Browserslist: browsers data (caniuse-lite) is 10 months old. Please run:
#13 2.633   npx update-browserslist-db@latest
#13 2.633   Why you should do it regularly: https://github.com/browserslist/update-db#readme
#13 2.714 All browser targets in the browserslist configuration have supported ES module.
#13 2.714 Therefore we don't build two separate bundles for differential loading.
#13 2.714 
#13 2.786 
#13 2.787 -  Building for production...
#13 6.742 [baseline-browser-mapping] The data in this module is over two months old.  To ensure accurate Baseline data, please update: `npm i baseline-browser-mapping@latest -D`
#13 6.771 Browserslist: browsers data (caniuse-lite) is 10 months old. Please run:
#13 6.771   npx update-browserslist-db@latest
#13 6.771   Why you should do it regularly: https://github.com/browserslist/update-db#readme
#13 9.025 [baseline-browser-mapping] The data in this module is over two months old.  To ensure accurate Baseline data, please update: `npm i baseline-browser-mapping@latest -D`
#13 9.025 Browserslist: browsers data (caniuse-lite) is 10 months old. Please run:
#13 9.025   npx update-browserslist-db@latest
#13 9.025   Why you should do it regularly: https://github.com/browserslist/update-db#readme
#13 9.025 [baseline-browser-mapping] The data in this module is over two months old.  To ensure accurate Baseline data, please update: `npm i baseline-browser-mapping@latest -D`
#13 9.025 Browserslist: browsers data (caniuse-lite) is 10 months old. Please run:
#13 9.025   npx update-browserslist-db@latest
#13 9.025   Why you should do it regularly: https://github.com/browserslist/update-db#readme
#13 9.139 [baseline-browser-mapping] The data in this module is over two months old.  To ensure accurate Baseline data, please update: `npm i baseline-browser-mapping@latest -D`
#13 9.210 Browserslist: browsers data (caniuse-lite) is 10 months old. Please run:
#13 9.210   npx update-browserslist-db@latest
#13 9.210   Why you should do it regularly: https://github.com/browserslist/update-db#readme
#13 41.68 [baseline-browser-mapping] The data in this module is over two months old.  To ensure accurate Baseline data, please update: `npm i baseline-browser-mapping@latest -D`
#13 41.68 [baseline-browser-mapping] The data in this module is over two months old.  To ensure accurate Baseline data, please update: `npm i baseline-browser-mapping@latest -D`
#13 41.68 [baseline-browser-mapping] The data in this module is over two months old.  To ensure accurate Baseline data, please update: `npm i baseline-browser-mapping@latest -D`
#13 41.68 [baseline-browser-mapping] The data in this module is over two months old.  To ensure accurate Baseline data, please update: `npm i baseline-browser-mapping@latest -D`
#13 41.68 [baseline-browser-mapping] The data in this module is over two months old.  To ensure accurate Baseline data, please update: `npm i baseline-browser-mapping@latest -D`
#13 41.68 [baseline-browser-mapping] The data in this module is over two months old.  To ensure accurate Baseline data, please update: `npm i baseline-browser-mapping@latest -D`
#13 41.69 [baseline-browser-mapping] The data in this module is over two months old.  To ensure accurate Baseline data, please update: `npm i baseline-browser-mapping@latest -D`
#13 41.69 [baseline-browser-mapping] The data in this module is over two months old.  To ensure accurate Baseline data, please update: `npm i baseline-browser-mapping@latest -D`
#13 41.69 [baseline-browser-mapping] The data in this module is over two months old.  To ensure accurate Baseline data, please update: `npm i baseline-browser-mapping@latest -D`
#13 41.69 [baseline-browser-mapping] The data in this module is over two months old.  To ensure accurate Baseline data, please update: `npm i baseline-browser-mapping@latest -D`
#13 41.70 [baseline-browser-mapping] The data in this module is over two months old.  To ensure accurate Baseline data, please update: `npm i baseline-browser-mapping@latest -D`
#13 43.16 Browserslist: browsers data (caniuse-lite) is 10 months old. Please run:
#13 43.16   npx update-browserslist-db@latest
#13 43.16   Why you should do it regularly: https://github.com/browserslist/update-db#readme
#13 43.25 Browserslist: browsers data (caniuse-lite) is 10 months old. Please run:
#13 43.25   npx update-browserslist-db@latest
#13 43.25   Why you should do it regularly: https://github.com/browserslist/update-db#readme
#13 43.38 Browserslist: browsers data (caniuse-lite) is 10 months old. Please run:
#13 43.38   npx update-browserslist-db@latest
#13 43.38   Why you should do it regularly: https://github.com/browserslist/update-db#readme
#13 43.46 Browserslist: browsers data (caniuse-lite) is 10 months old. Please run:
#13 43.46   npx update-browserslist-db@latest
#13 43.46   Why you should do it regularly: https://github.com/browserslist/update-db#readme
#13 43.55 Browserslist: browsers data (caniuse-lite) is 10 months old. Please run:
#13 43.55   npx update-browserslist-db@latest
#13 43.55   Why you should do it regularly: https://github.com/browserslist/update-db#readme
#13 43.57 Browserslist: browsers data (caniuse-lite) is 10 months old. Please run:
#13 43.57   npx update-browserslist-db@latest
#13 43.57   Why you should do it regularly: https://github.com/browserslist/update-db#readme
#13 43.62 Browserslist: browsers data (caniuse-lite) is 10 months old. Please run:
#13 43.62   npx update-browserslist-db@latest
#13 43.62   Why you should do it regularly: https://github.com/browserslist/update-db#readme
#13 43.70 Browserslist: browsers data (caniuse-lite) is 10 months old. Please run:
#13 43.70   npx update-browserslist-db@latest
#13 43.70   Why you should do it regularly: https://github.com/browserslist/update-db#readme
#13 43.72 Browserslist: browsers data (caniuse-lite) is 10 months old. Please run:
#13 43.72   npx update-browserslist-db@latest
#13 43.72   Why you should do it regularly: https://github.com/browserslist/update-db#readme
#13 43.77 Browserslist: browsers data (caniuse-lite) is 10 months old. Please run:
#13 43.77   npx update-browserslist-db@latest
#13 43.77   Why you should do it regularly: https://github.com/browserslist/update-db#readme
#13 43.82 Browserslist: browsers data (caniuse-lite) is 10 months old. Please run:
#13 43.82   npx update-browserslist-db@latest
#13 43.82   Why you should do it regularly: https://github.com/browserslist/update-db#readme
#13 46.53  WARNING  Compiled with 2 warnings2:34:47 AM
#13 46.53 
#13 46.53  warning  
#13 46.53 
#13 46.53 asset size limit: The following asset(s) exceed the recommended size limit (244 KiB).
#13 46.53 This can impact web performance.
#13 46.53 Assets: 
#13 46.53   img/primeicons.943ab24c.svg (285 KiB)
#13 46.53   css/chunk-vendors.6c3a563e.css (482 KiB)
#13 46.53   js/chunk-vendors.f60ea219.js (805 KiB)
#13 46.53 
#13 46.53  warning  
#13 46.53 
#13 46.53 entrypoint size limit: The following entrypoint(s) combined asset size exceeds the recommended limit (244 KiB). This can impact web performance.
#13 46.53 Entrypoints:
#13 46.53   app (1.3 MiB)
#13 46.53       css/chunk-vendors.6c3a563e.css
#13 46.53       js/chunk-vendors.f60ea219.js
#13 46.53       css/app.ed0d95a7.css
#13 46.53       js/app.13bb953c.js
#13 46.53 
#13 46.53 
#13 46.63   File                                   Size              Gzipped
#13 46.63 
#13 46.63   dist/js/chunk-vendors.f60ea219.js      804.70 KiB        207.24 KiB
#13 46.63   dist/js/736.5eee4621.js                204.51 KiB        68.72 KiB
#13 46.63   dist/js/764.48c76889.js                112.33 KiB        22.88 KiB
#13 46.63   dist/js/719.aa0064ca.js                111.46 KiB        22.23 KiB
#13 46.63   dist/js/840.6e80da55.js                92.05 KiB         19.93 KiB
#13 46.63   dist/js/615.e6154165.js                79.80 KiB         19.46 KiB
#13 46.63   dist/js/434.8a3a7614.js                67.59 KiB         15.59 KiB
#13 46.63   dist/js/693.26fce7d7.js                53.83 KiB         13.49 KiB
#13 46.63   dist/js/13.15fab53e.js                 48.72 KiB         12.93 KiB
#13 46.63   dist/js/app.13bb953c.js                35.32 KiB         11.47 KiB
#13 46.63   dist/js/432.7860a271.js                34.38 KiB         8.33 KiB
#13 46.63   dist/js/53.f1130257.js                 25.57 KiB         7.11 KiB
#13 46.63   dist/js/17.ea4fb56c.js                 21.89 KiB         4.72 KiB
#13 46.63   dist/js/620.f655dd58.js                17.49 KiB         4.24 KiB
#13 46.63   dist/js/172.848272a4.js                16.42 KiB         4.70 KiB
#13 46.63   dist/js/569.118b464e.js                14.85 KiB         4.89 KiB
#13 46.63   dist/js/225.61cc4370.js                14.80 KiB         5.50 KiB
#13 46.63   dist/js/704.8ff33e1f.js                14.26 KiB         4.58 KiB
#13 46.63   dist/js/982.97e8f72d.js                13.43 KiB         4.21 KiB
#13 46.63   dist/js/335.b23cc880.js                13.17 KiB         4.25 KiB
#13 46.63   dist/js/156.522281d2.js                11.59 KiB         4.28 KiB
#13 46.63   dist/js/295.4aed7a6b.js                10.35 KiB         3.09 KiB
#13 46.63   dist/js/862.55f4def9.js                10.07 KiB         5.50 KiB
#13 46.63   dist/js/997.6c516911.js                8.36 KiB          3.18 KiB
#13 46.63   dist/js/406.d636debc.js                5.39 KiB          1.63 KiB
#13 46.63   dist/js/230.4ce860cc.js                1.18 KiB          0.67 KiB
#13 46.63   dist/js/453.54f75c53.js                1.17 KiB          0.67 KiB
#13 46.63   dist/css/chunk-vendors.6c3a563e.css    482.46 KiB        61.75 KiB
#13 46.63   dist/css/840.0ab30b9c.css              60.08 KiB         10.01 KiB
#13 46.63   dist/css/615.6529ec5b.css              42.65 KiB         7.62 KiB
#13 46.63   dist/css/719.8478ee76.css              33.68 KiB         5.62 KiB
#13 46.63   dist/css/434.a6674177.css              32.58 KiB         6.28 KiB
#13 46.63   dist/css/693.2b82b32d.css              29.61 KiB         5.70 KiB
#13 46.63   dist/css/764.c8d4e054.css              26.82 KiB         5.22 KiB
#13 46.63   dist/css/432.fafaaff4.css              15.59 KiB         3.28 KiB
#13 46.63   dist/css/13.42826c0b.css               12.63 KiB         2.70 KiB
#13 46.63   dist/css/app.ed0d95a7.css              10.74 KiB         2.93 KiB
#13 46.63   dist/css/172.09c506d6.css              6.00 KiB          1.55 KiB
#13 46.63   dist/css/569.7e9e25fb.css              5.61 KiB          1.44 KiB
#13 46.63   dist/css/335.d93f065c.css              5.09 KiB          1.15 KiB
#13 46.63   dist/css/53.f0dee529.css               5.07 KiB          1.26 KiB
#13 46.63   dist/css/17.a1fe59c9.css               4.78 KiB          1.21 KiB
#13 46.63   dist/css/704.17e16961.css              4.78 KiB          1.19 KiB
#13 46.63   dist/css/997.965db712.css              4.70 KiB          1.27 KiB
#13 46.63   dist/css/295.4c20e2a7.css              2.61 KiB          0.76 KiB
#13 46.63   dist/css/620.22ba368f.css              2.00 KiB          0.68 KiB
#13 46.63   dist/css/406.ab27823a.css              1.87 KiB          0.68 KiB
#13 46.63   dist/css/982.c1bde9ef.css              1.22 KiB          0.50 KiB
#13 46.63   dist/css/230.58074629.css              1.14 KiB          0.44 KiB
#13 46.63   dist/css/453.8339fb64.css              1.12 KiB          0.43 KiB
#13 46.63   dist/css/862.a8c02931.css              0.02 KiB          0.04 KiB
#13 46.63 
#13 46.63   Images and other types of assets omitted.
#13 46.63   Build at: 2026-09-14T02:34:47.817Z - Hash: e25b5ec222c8adf9 - Time: 40938ms
#13 46.63 
#13 46.63  DONE  Build complete. The dist directory is ready to be deployed.
#13 46.63  INFO  Check out deployment instructions at https://cli.vuejs.org/guide/deployment.html
#13 46.63        
#13 46.78 npm notice
#13 46.78 npm notice New major version of npm available! 10.8.2 -> 12.0.2
#13 46.78 npm notice Changelog: https://github.com/npm/cli/releases/tag/v12.0.2
#13 46.78 npm notice To update run: npm install -g npm@12.0.2
#13 46.78 npm notice
#13 DONE 46.9s

#8 [stage-1 1/3] FROM docker.io/library/nginx:alpine@sha256:72ba65eb42c10344912a84ff42408db7d34f2feb642204570ab8fc5ffd29f1d3
#8 CACHED

#14 [stage-1 2/3] COPY --from=build /app/dist /usr/share/nginx/html
#14 DONE 0.1s

#15 [stage-1 3/3] COPY nginx.conf /etc/nginx/conf.d/default.conf
#15 DONE 0.1s

#16 exporting to image
#16 exporting layers
#16 exporting layers 0.8s done
#16 exporting manifest sha256:198f9bb737523585cb9cbc5b2a5aa0b4310cdf8c33e61af68ed752f5aad452ab 0.0s done
#16 exporting config sha256:5dcd9d5238cb89263575c5a37132ce2f389304be516df7899943daaa29e59c99 0.0s done
#16 exporting attestation manifest sha256:1fcf58ed640c8ecfffe7fe4f87d7414ae09f3182601096de24bb39701f0c6e9f 0.0s done
#16 exporting manifest list sha256:14d2b95b3dfdd1bf41c8ab8da26810b9c234d7087dec18bea94f04a3b14e361b
#16 exporting manifest list sha256:14d2b95b3dfdd1bf41c8ab8da26810b9c234d7087dec18bea94f04a3b14e361b 0.0s done
#16 naming to docker.io/library/frontend_cem-frontend:latest done
#16 unpacking to docker.io/library/frontend_cem-frontend:latest
#16 unpacking to docker.io/library/frontend_cem-frontend:latest 0.2s done
#16 DONE 1.2s

#17 resolving provenance for metadata file
#17 DONE 0.0s
 frontend_cem-frontend  Built
 Container frontend-cem  Recreate
 Container frontend-cem  Recreated
 Container frontend-cem  Starting
 Container frontend-cem  Started
